// Jest Snapshot v1, https://goo.gl/fbAQLP

exports[`binary 1`] = `
"; ModuleID = 'demo'
source_filename = "demo"

define i32 @main(i32 %0, ptr %1) {
entry:
  %2 = alloca i32, align 4
  store i32 3, ptr %2, align 4
  %3 = alloca i32, align 4
  store i32 7, ptr %3, align 4
  %4 = load i32, ptr %2, align 4
  %5 = load i32, ptr %3, align 4
  %6 = mul i32 %4, %5
  %7 = alloca i32, align 4
  store i32 %6, ptr %7, align 4
}
"
`;

exports[`call 1`] = `
"; ModuleID = 'demo'
source_filename = "demo"

define i32 @main(i32 %0, ptr %1) {
entry:
  %2 = alloca ptr, align 8
  store ptr @called_func, ptr %2, align 8
  %3 = load ptr, ptr %2, align 8
  call void %3()
  %4 = alloca ptr, align 8
  store ptr @call_ed_func_with_args, ptr %4, align 8
  %5 = load ptr, ptr %4, align 8
  call void %5(i32 1)
  %6 = alloca ptr, align 8
  store ptr @call_ed_func_with_return, ptr %6, align 8
  %7 = load ptr, ptr %6, align 8
  %8 = call i32 %7()
  %9 = alloca i32, align 4
  store i32 %8, ptr %9, align 4
}

define void @called_func() {
entry:
}

define void @call_ed_func_with_args(i32 %0) {
entry:
}

define i32 @call_ed_func_with_return() {
entry:
  ret i32 1
}
"
`;

exports[`declare 1`] = `
"; ModuleID = 'demo'
source_filename = "demo"

define i32 @main(i32 %0, ptr %1) {
entry:
  %2 = alloca i32, align 4
  store i32 1, ptr %2, align 4
  %3 = alloca i32, align 4
  store i32 2, ptr %3, align 4
  %4 = alloca i32, align 4
  store i32 -1, ptr %4, align 4
  %5 = alloca float, align 4
  store float 1.000000e+00, ptr %5, align 4
  %6 = alloca double, align 8
  store float 2.000000e+00, ptr %6, align 4
}
"
`;

exports[`func_declare 1`] = `
"; ModuleID = 'demo'
source_filename = "demo"

define i32 @main(i32 %0, ptr %1) {
entry:
  %2 = alloca ptr, align 8
  store ptr @"lambda#0", ptr %2, align 8
  %3 = alloca ptr, align 8
  store ptr @"lambda#1", ptr %3, align 8
  %4 = alloca ptr, align 8
  store ptr @"lambda#2", ptr %4, align 8
  %5 = alloca ptr, align 8
  store ptr @"lambda#3", ptr %5, align 8
  %6 = alloca ptr, align 8
  store ptr @fn_fix_name, ptr %6, align 8
}

define void @"lambda#0"() {
entry:
  %0 = alloca i32, align 4
  store i32 1, ptr %0, align 4
}

define void @"lambda#1"(i32 %0) {
entry:
  %1 = alloca i32, align 4
  store i32 2, ptr %1, align 4
}

define i32 @"lambda#2"() {
entry:
  %0 = alloca i32, align 4
  store i32 3, ptr %0, align 4
  %1 = load i32, ptr %0, align 4
  ret i32 %1
}

define i32 @"lambda#3"() {
entry:
  %0 = alloca i32, align 4
  store i32 4, ptr %0, align 4
  %1 = load i32, ptr %0, align 4
  ret i32 %1
}

define void @fn_fix_name() {
entry:
}
"
`;
